------------------------------------------------------------
Timing Analyzer Summary
------------------------------------------------------------

Type  : Slow 1200mV 85C Model Setup 'ClkDividerN:clk_divider_50|clkOut'
Slack : -26.549
TNS   : -690.737

Type  : Slow 1200mV 85C Model Setup 'CLOCK_50'
Slack : -1.261
TNS   : -7.643

Type  : Slow 1200mV 85C Model Hold 'ClkDividerN:clk_divider_50|clkOut'
Slack : 0.389
TNS   : 0.000

Type  : Slow 1200mV 85C Model Hold 'CLOCK_50'
Slack : 0.443
TNS   : 0.000

Type  : Slow 1200mV 85C Model Minimum Pulse Width 'CLOCK_50'
Slack : -3.000
TNS   : -11.995

Type  : Slow 1200mV 85C Model Minimum Pulse Width 'ClkDividerN:clk_divider_50|clkOut'
Slack : -1.285
TNS   : -123.360

Type  : Slow 1200mV 0C Model Setup 'ClkDividerN:clk_divider_50|clkOut'
Slack : -23.970
TNS   : -621.346

Type  : Slow 1200mV 0C Model Setup 'CLOCK_50'
Slack : -1.058
TNS   : -6.318

Type  : Slow 1200mV 0C Model Hold 'ClkDividerN:clk_divider_50|clkOut'
Slack : 0.342
TNS   : 0.000

Type  : Slow 1200mV 0C Model Hold 'CLOCK_50'
Slack : 0.408
TNS   : 0.000

Type  : Slow 1200mV 0C Model Minimum Pulse Width 'CLOCK_50'
Slack : -3.000
TNS   : -11.995

Type  : Slow 1200mV 0C Model Minimum Pulse Width 'ClkDividerN:clk_divider_50|clkOut'
Slack : -1.285
TNS   : -123.360

Type  : Fast 1200mV 0C Model Setup 'ClkDividerN:clk_divider_50|clkOut'
Slack : -12.592
TNS   : -291.577

Type  : Fast 1200mV 0C Model Setup 'CLOCK_50'
Slack : -0.062
TNS   : -0.310

Type  : Fast 1200mV 0C Model Hold 'ClkDividerN:clk_divider_50|clkOut'
Slack : 0.176
TNS   : 0.000

Type  : Fast 1200mV 0C Model Hold 'CLOCK_50'
Slack : 0.195
TNS   : 0.000

Type  : Fast 1200mV 0C Model Minimum Pulse Width 'CLOCK_50'
Slack : -3.000
TNS   : -10.443

Type  : Fast 1200mV 0C Model Minimum Pulse Width 'ClkDividerN:clk_divider_50|clkOut'
Slack : -1.000
TNS   : -96.000

------------------------------------------------------------
